ho-rnja łu-ži-ca je kra-ji-na mjez poł-čni-cu wza-pa-dźe a hwi-zdźom we wu-cho-dźe ko-traž le-ži zwje-tše-ho dźě-la we wu-cho-dnej sa-kskej sa-ha pak zdźě-la tež do bra-ni-bor-ske-je a pól-ske-je ju-žna hra-ni-ca hi-sto-ri-ske-je ho-rnje-je łu-ži-cy su łu-ži-ske ho-ri-ny při čě-skej mje-zy sta-wi-zni-ske hło-wne mě-sto ho-rnje-je łu-ži-cy je bu-dy-šin na-jwje-tše mě-sto je pak mjez něm-skej a pól-skej ro-zdźě-le-ny zho-rjelc