wir-tu-e-lny mě-sćań-ski bě-row ma až do źin-saj-šne-go dnja ju-žo wě-cej a-ko słu-žbow a wu-šej do-ku-men-tow za was pśi-gó-to-wa-nych in-te-rnet mó-žo de-rje pó-ra-źo-waś a po-mo-gaś we-to nja-mó-žo wón chó-śe-bu-zar-kam a chó-śe-bu-za-rjam ku-ždy wo-glěd do za-stojn-stwa ze-ža-riś chó-śe-buz la-žy ně-źi na kro-tke zaj-tšo wót ba-rli-nja pśi sprje-wi ser-by su wo-bse-dnu-li wo-ko-li-nu wo-ko-ło źin-saj-šne-go chó-śe-bu-za wźa-se-tem sto-lě-śu a-ko su na-twa-ri-li grod na pě-ska-tej ku-pje wsprje-wi nim-ce by-dle pó-dla ser-bow wchó-śe-bu-zu wót tśi-na-ste-go sto-lě-śa chó-śe-buz jo był prě-dny raz do-ku-men-ta-ri-ski na-spo-mnjo-ny no-wem-bra