wy-da-rze-niem któ-re sta-no-wi-ło pier-wszy krok na dro-dze ku po-wsta-niu pań-stwa pol-skie-go by-ło o-bję-cie wła-dzy nad ple-mie-niem po-lan przez ród pia-stów na-stą-pi-ło to wnie-zna-nych o-ko-li-czno-ściach i cza-sie naj-pra-wdo-po-do-bniej je-dnak wdru-giej po-ło-wie wie-ku głó-wny o-śro-dek pań-stwa po-lan sta-no-wi-ło gnie-zno pier-wszym hi-sto-ry-cznym wła-dcą pia-sto-wskim był na-to-miast ksią-żę mie-szko cho-ciaż pó-źniej-szy kro-ni-karz gall a-no-nim po-da-je ta-kże i-mio-na je-go przo-dków