за ге-не-а-ло-гі-чно-ю кла-си-фі-ка-ці-є-ю у-кра-їн-ська мо-ва на-ле-жить до схі-дно-сло-в'ян-сько-ї пі-дгру-пи сло-в'ян-сько-ї гру-пи ін-до-є-вро-пей-сько-ї мо-вно-ї сі-м'ї про-те до-ктор фі-ло-ло-гі-чних на-ук ко-стян-тин ти-щен-ко ствер-джу-є що у-кра-їн-ська мо-ва у фо-не-ти-ці та гра-ма-ти-ці ма-є біль-ше спі-льних рис звер-хньо-лу-жи-цько-ю та бі-ло-ру-сько-ю мо-ва-ми ніж зро-сій-сько-ю та-ким чи-ном він ста-вить під су-мнів о-б'є-дна-ння у-кра-їн-сько-ї ро-сій-сько-ї та бі-ло-ру-сько-ї мов во-дну пі-дгру-пу схі-дно-сло-в'ян-ських мов