у бе-ла-ру-скай мо-ве зы-чны-я мо-гуць а-дро-зні-ва-цца даў-жы-нёй гу-ча-ння я-ка-я па-ка-зва-е на стык мар-фем пе-ра-ва-жна-я коль-касць гу-каў у-тва-ра-ю-ццаў цэн-тры ро-та-вай по-ла-сці пры вы-со-кім а-гу-льным па-д’ё-ме я-зы-ка вя-лі-ка-е кня-ства лі-тоў-ска-е зна-хо-дзі-ла-сяў ды-на-сты-чнай у-ні-і зполь-скім ка-ра-леў-ствам