ро-сси-я о-фи-ци-а-льно та-кже ро-ссий-ска-я фе-де-ра-ци-я го-су-дар-ство вво-сто-чной е-вро-пе цен-тра-льной и се-ве-рной а-зи-и те-рри-то-ри-я ро-сси-и врам-ках е-ё кон-сти-ту-ци-о-нно-го у-строй-ства со-ста-вля-ет на-се-ле-ни-е стра-ны впре-де-лах е-ё за-я-вле-нной те-рри-то-ри-и со-ста-вля-ет за-ни-ма-ет пер-во-е ме-сто вми-ре по те-рри-то-ри-и ше-сто-е по о-бъё-му по и де-вя-то-е по чи-сле-нно-сти на-се-ле-ни-я сто-ли-ца мо-сква го-су-дар-стве-нный я-зык ру-сский