slo-ve-ni-ja u-ra-dno i-me re-pu-bli-ka slo-ve-ni-ja je e-vro-pska dr-ža-va zze-mlje-pi-sno le-go na skra-jnem se-ve-ru sre-do-ze-mlja in na skra-jnem ju-gu sre-dnje e-vro-pe slo-ve-ni-ja me-ji na za-ho-du zi-ta-li-jo na se-ve-ru zav-stri-jo na se-ve-rov-zho-du zma-džar-sko in na vzho-du in ju-gu shr-va-ško le-ži na sti-či-šču al-pske-ga sre-do-zem-ske-ga pa-non-ske-ga in di-nar-ske-ga sve-ta