про-сто-ре да-на-шњег па-нон-ског ба-се-на не-ка-да је пре-кри-ва-о пра-о-ке-ан те-тис чи-јим по-вла-че-њем је и на-ста-о па-нон-ски ба-сен по-вла-че-њем те-тис је и-за се-бе о-ста-ви-о ве-о-ма пло-дно тло па се због то-га па-нон-ски ба-сен на-зи-ва још и жи-тни-цом ср-би-је за про-сто-ре о-ве ре-ги-је о-со-бе-на је цр-ни-ца и-ли че-рно-зем ка-о вр-ста зе-мљи-шта ме-ђу-тим ја-вља се и де-гра-ди-ра-ни че-рно-зем ка-о и пло-дно а-лу-ви-ја-лно тло и га-јња-че