re-pu-bli-ka hr-va-tska je e-u-ro-pska dr-ža-va u ge-o-po-li-ti-čkom smi-slu sre-dnjo-e-u-ro-pska i sre-do-ze-mna dr-ža-va a ze-mljo-pi-sno smje-šte-na u ju-žnom di-je-lu sre-dnje e-u-ro-pe te u sje-ve-rnom di-je-lu sre-do-ze-mlja na sje-ve-ru gra-ni-či sa slo-ve-ni-jom i ma-đar-skom na i-sto-ku sa sr-bi-jom i bo-snom i her-ce-go-vi-nom na ju-gu scr-nom go-rom dok na za-pa-du si-ta-li-jom i-ma mor-sku gra-ni-cu