ре-пу-бли-ка бъл-га-ри-я е дър-жа-ва вю-го-и-зто-чна е-вро-па за-ра-ди та-зи по-мощ ха-нът по-лу-ча-ва ти-тла-та ке-сар бо-га-та-та и це-нна о-бласт за-го-ре на юг от ста-ра пла-ни-на си-ме-он на-стъ-пва сре-щу тях със сво-и-те пе-че-не-жки съ-ю-зни-ци на-на-ся им ре-ши-тел-но по-ра-же-ни-е вби-тка-та при ю-жен буг и ги при-ну-жда-ва о-кон-ча-те-лно да се и-зсе-лят от е-тел-кьоз впа-но-ни-я стран-джа е пла-ни-на вю-го-и-зто-чна-та част